
 Start  Stop   Length Name               Class

 00000H 00141H 00142H HUGEHEAD_TEXT      CODE
 00142H 03DDCH 03C9BH LOADER_TEXT        CODE
 03DDEH 03F16H 00139H EXEC_TEXT          CODE
 03F18H 040DEH 001C7H SWAPPER_TEXT       CODE
 040E0H 049BCH 008DDH MISCROU_TEXT       CODE
 049BEH 04BB8H 001FBH OSDISK_TEXT        CODE
 04BBAH 04F93H 003DAH MEMORY_TEXT        CODE
 04F94H 053F0H 0045DH _DATA              DATA
 053F2H 05968H 00577H LOADER_DATA        FAR_DATA
 05970H 05971H 00002H FAR_DATA           FAR_DATA


Detailed map of segments

 0000:0000 0142 C=CODE   S=HUGEHEAD_TEXT  G=(none)  M=HUGEHEAD.ASM ACBP=48
 0014:0002 3C9B C=CODE   S=LOADER_TEXT    G=(none)  M=LOADER.C   ACBP=28
 03DD:000E 0139 C=CODE   S=EXEC_TEXT      G=(none)  M=EXEC.ASM   ACBP=48
 03F1:0008 01C7 C=CODE   S=SWAPPER_TEXT   G=(none)  M=SWAPPER.ASM ACBP=48
 040E:0000 08DD C=CODE   S=MISCROU_TEXT   G=(none)  M=MISCROU.ASM ACBP=48
 049B:000E 01FB C=CODE   S=OSDISK_TEXT    G=(none)  M=OSDISK.ASM ACBP=48
 04BB:000A 03DA C=CODE   S=MEMORY_TEXT    G=(none)  M=MEMORY.ASM ACBP=48
 04F9:0004 0402 C=DATA   S=_DATA          G=DGROUP  M=HUGEHEAD.ASM ACBP=48
 04F9:0406 0000 C=DATA   S=_DATA          G=DGROUP  M=EXEC.ASM   ACBP=48
 04F9:0406 0002 C=DATA   S=_DATA          G=DGROUP  M=SWAPPER.ASM ACBP=48
 04F9:0408 003C C=DATA   S=_DATA          G=DGROUP  M=MISCROU.ASM ACBP=48
 04F9:0444 0002 C=DATA   S=_DATA          G=DGROUP  M=OSDISK.ASM ACBP=48
 04F9:0446 001B C=DATA   S=_DATA          G=DGROUP  M=MEMORY.ASM ACBP=48
 053F:0002 0577 C=FAR_DATA S=LOADER_DATA    G=(none)  M=LOADER.C   ACBP=48
 0597:0000 0002 C=FAR_DATA S=FAR_DATA       G=(none)  M=MEMORY.ASM ACBP=60

  Address         Publics by Name

 0014:054D idle  _ADD_DEVICE_NODE
 0014:0069       _ADD_HOOKS
 04BB:000E       _ALLOCATE_MEM
 040E:01D3       _ATOI
 040E:01D3       _ATOL
 03F1:0027       _BEEP
 0000:0103 idle  _BEGIN
 0014:1FFB       _CDESTROY
 0014:0307 idle  _CHANGE_PRIORITY
 0014:1ABD       _CHECK_AVAIL_NOW
 049B:004D       _CLOSE
 040E:08B2 idle  _COMPUTE_CCITT_ASM
 040E:0889 idle  _COMPUTE_CRC16_ASM
 03DD:00E3       _CONNECT_INT
 049B:01D1       _CONNECT_STALL
 0014:21FF       _CPERISH
 040E:041C       _CPRINT
 049B:0021       _CREATE
 053F:004B       _CURRENT_MODULE
 053F:00EE idle  _DATA_ITEM
 0014:01AD idle  _DELAY
 053F:0053 idle  _DEVICE_ROOT
 03DD:0118       _DISCONNECT_INT
 049B:01E1       _DISCONNECT_STALL
 049B:015D idle  _DISK_STALL
 0014:2436       _DUPLICATE_MODULE
 04F9:0444       _ERRORCODE
 03DD:002A       _EXEC_SERVICES
 0000:0138       _EXIT
 0014:0AFF       _EXIT_ROUTINE
 0014:0715 idle  _EXPORT
 0014:38ED idle  _FAST_CLOCK
 0014:000E idle  _FINAL_DOT
 0014:04C6 idle  _FIND_DEVICE_NODE
 053F:004F       _FIRST_MODULE
 053F:007F idle  _FIRST_ROUTINE
 04F9:0446       _FIRST_USED
 053F:0059       _FORCE_INTERVAL
 053F:0057       _FORCE_TIME
 03F1:0096       _FORK
 04BB:0271       _FREE_MEM
 049B:000E idle  _GETDISK
 049B:00F3       _GETS
 040E:0052       _GETTIME
 0014:1F8E idle  _GET_ENVIRON
 053F:005B idle  _HEX
 053F:0047 idle  _HOOKS
 0014:0997 idle  _IMPORT
 0014:0119 idle  _INQUIRE_BEGIN
 040E:042B       _ITOA
 040E:001C idle  _LDIV
 040E:0037 idle  _LMOD
 040E:0000       _LMULT
 0014:288F idle  _LOAD_COM
 0014:2919 idle  _LOAD_DOS_EXEC
 0014:2C2D idle  _LOAD_MODULE
 0014:311A idle  _LOAD_MODULES
 053F:00DF idle  _LOAD_NAME
 053F:0070 idle  _LOOP_COUNT
 0014:3A54       _MAIN
 0014:3627 idle  _MAKE_LISTS
 053F:0071 idle  _MAX_NODE_USED
 040E:03E6       _MEMSET
 0014:1C28       _MEM_CHECK
 040E:03C4       _MOVMEM
 040E:01BD idle  _NEXTPARAM
 053F:0077 idle  _NODES
 049B:002D       _OPEN
 053F:0003       _OS_MODULE
 053F:00DB idle  _PATH
 03F1:01AF       _PERISH
 040E:0402       _PRINT
 053F:006E       _PROCESS_CONTROL
 0014:1DFE idle  _PROCESS_ENTRY
 0014:399C idle  _PROCESS_ENVIRON
 049B:0068       _READ
 0014:1C62       _REGISTER
 0014:1B56       _REQUEST
 049B:0093 idle  _REWIND
 053F:0083       _ROUTINES
 053F:007B idle  _ROUTINE_LIST
 049B:00A6       _SEEK
 049B:0015 idle  _SETDISK
 0014:0002 idle  _SHELL
 049B:00BC       _SIZEFIND
 0014:3969 idle  _SLOW_CLOCK
 04F9:0404 idle  _STACKEND
 040E:02BB       _STRCAT
 040E:0277       _STRCHR
 040E:029F       _STRCPY
 040E:037E       _STRICMP
 040E:0259       _STRLEN
 040E:0307 idle  _STRNCAT
 040E:02E1       _STRNCPY
 040E:0335       _STRNICMP
 03F1:00EA       _SWAP_MODULE
 03F1:0055       _SWAP_TO
 053F:0073 idle  _TEMP_ENTRY
 0014:08A1 idle  _TERMINATE
 04F9:0408       _TICKS
 053F:0002       _TIMED
 04BB:000A       _TIMES_NULL
 040E:007A       _TIME_INTERUPT
 053F:006C idle  _TSTR
 0014:1B3E idle  _VOID_ROUTINE
 0014:023B idle  _WAKE_TASK
 049B:006D       _WRITE
 04F9:0004 idle  __STACKDATA

  Address         Publics by Value

 0000:0103 idle  _BEGIN
 0000:0138       _EXIT
 0014:0002 idle  _SHELL
 0014:000E idle  _FINAL_DOT
 0014:0069       _ADD_HOOKS
 0014:0119 idle  _INQUIRE_BEGIN
 0014:01AD idle  _DELAY
 0014:023B idle  _WAKE_TASK
 0014:0307 idle  _CHANGE_PRIORITY
 0014:04C6 idle  _FIND_DEVICE_NODE
 0014:054D idle  _ADD_DEVICE_NODE
 0014:0715 idle  _EXPORT
 0014:08A1 idle  _TERMINATE
 0014:0997 idle  _IMPORT
 0014:0AFF       _EXIT_ROUTINE
 0014:1ABD       _CHECK_AVAIL_NOW
 0014:1B3E idle  _VOID_ROUTINE
 0014:1B56       _REQUEST
 0014:1C28       _MEM_CHECK
 0014:1C62       _REGISTER
 0014:1DFE idle  _PROCESS_ENTRY
 0014:1F8E idle  _GET_ENVIRON
 0014:1FFB       _CDESTROY
 0014:21FF       _CPERISH
 0014:2436       _DUPLICATE_MODULE
 0014:288F idle  _LOAD_COM
 0014:2919 idle  _LOAD_DOS_EXEC
 0014:2C2D idle  _LOAD_MODULE
 0014:311A idle  _LOAD_MODULES
 0014:3627 idle  _MAKE_LISTS
 0014:38ED idle  _FAST_CLOCK
 0014:3969 idle  _SLOW_CLOCK
 0014:399C idle  _PROCESS_ENVIRON
 0014:3A54       _MAIN
 03DD:002A       _EXEC_SERVICES
 03DD:00E3       _CONNECT_INT
 03DD:0118       _DISCONNECT_INT
 03F1:0027       _BEEP
 03F1:0055       _SWAP_TO
 03F1:0096       _FORK
 03F1:00EA       _SWAP_MODULE
 03F1:01AF       _PERISH
 040E:0000       _LMULT
 040E:001C idle  _LDIV
 040E:0037 idle  _LMOD
 040E:0052       _GETTIME
 040E:007A       _TIME_INTERUPT
 040E:01BD idle  _NEXTPARAM
 040E:01D3       _ATOL
 040E:01D3       _ATOI
 040E:0259       _STRLEN
 040E:0277       _STRCHR
 040E:029F       _STRCPY
 040E:02BB       _STRCAT
 040E:02E1       _STRNCPY
 040E:0307 idle  _STRNCAT
 040E:0335       _STRNICMP
 040E:037E       _STRICMP
 040E:03C4       _MOVMEM
 040E:03E6       _MEMSET
 040E:0402       _PRINT
 040E:041C       _CPRINT
 040E:042B       _ITOA
 040E:0889 idle  _COMPUTE_CRC16_ASM
 040E:08B2 idle  _COMPUTE_CCITT_ASM
 049B:000E idle  _GETDISK
 049B:0015 idle  _SETDISK
 049B:0021       _CREATE
 049B:002D       _OPEN
 049B:004D       _CLOSE
 049B:0068       _READ
 049B:006D       _WRITE
 049B:0093 idle  _REWIND
 049B:00A6       _SEEK
 049B:00BC       _SIZEFIND
 049B:00F3       _GETS
 049B:015D idle  _DISK_STALL
 049B:01D1       _CONNECT_STALL
 049B:01E1       _DISCONNECT_STALL
 04BB:000A       _TIMES_NULL
 04BB:000E       _ALLOCATE_MEM
 04BB:0271       _FREE_MEM
 04F9:0004 idle  __STACKDATA
 04F9:0404 idle  _STACKEND
 04F9:0408       _TICKS
 04F9:0444       _ERRORCODE
 04F9:0446       _FIRST_USED
 053F:0002       _TIMED
 053F:0003       _OS_MODULE
 053F:0047 idle  _HOOKS
 053F:004B       _CURRENT_MODULE
 053F:004F       _FIRST_MODULE
 053F:0053 idle  _DEVICE_ROOT
 053F:0057       _FORCE_TIME
 053F:0059       _FORCE_INTERVAL
 053F:005B idle  _HEX
 053F:006C idle  _TSTR
 053F:006E       _PROCESS_CONTROL
 053F:0070 idle  _LOOP_COUNT
 053F:0071 idle  _MAX_NODE_USED
 053F:0073 idle  _TEMP_ENTRY
 053F:0077 idle  _NODES
 053F:007B idle  _ROUTINE_LIST
 053F:007F idle  _FIRST_ROUTINE
 053F:0083       _ROUTINES
 053F:00DB idle  _PATH
 053F:00DF idle  _LOAD_NAME
 053F:00EE idle  _DATA_ITEM

Program entry point at 0000:0100
Warning: No stack

