
 Start  Stop   Length Name               Class

 00000H 0013BH 0013CH _TEXT              CODE
 0013CH 0019FH 00064H _DATA              DATA
 001A0H 001A0H 00000H _BSS               BSS


Detailed map of segments

 0000:0000 008B C=CODE   S=_TEXT          G=(none)  M=mmodhead.ASM ACBP=48
 0000:008B 00B1 C=CODE   S=_TEXT          G=(none)  M=i_o.c      ACBP=28
 0013:000C 0058 C=DATA   S=_DATA          G=DGROUP  M=mmodhead.ASM ACBP=48
 0013:0064 000C C=DATA   S=_DATA          G=DGROUP  M=i_o.c      ACBP=48
 0013:0070 0000 C=BSS    S=_BSS           G=DGROUP  M=i_o.c      ACBP=48

  Address         Publics by Name

 0013:0038 idle  _Allocate
 0013:0054 idle  _change_priority
 0013:0048 idle  _Connect_Int
 0000:0000 idle  _dataseg
 0013:0060 idle  _delay
 0000:0045 idle  _destory
 0013:0024 idle  _device_name
 0013:004C idle  _Disconnect_Int
 0013:0010 idle  _Exit
 0013:001C       _Export
 0013:000C idle  _externals
 0000:004A       _fork
 0013:003C idle  _Free
 0013:0050       _gettime
 0013:0034 idle  _Get_environ
 0013:0020       _Import
 0013:0040 idle  _Inquire_begin
 0000:004F idle  _ldiv
 0000:0063 idle  _lmod
 0000:007A idle  _lmult
 0000:008B       _main
 0013:0058 idle  _my_tcbptr
 0000:0040 idle  _perish
 0013:0044 idle  _process_control
 0013:0014       _Relinquish
 0013:000C idle  _Request
 0013:0030 idle  _spawn
 0013:002C idle  _spawn_batch
 0013:005C idle  _swap_to
 0013:0018 idle  _Terminate
 0013:0028 idle  _Wake

  Address         Publics by Value

 0000:0000 idle  _dataseg
 0000:0040 idle  _perish
 0000:0045 idle  _destory
 0000:004A       _fork
 0000:004F idle  _ldiv
 0000:0063 idle  _lmod
 0000:007A idle  _lmult
 0000:008B       _main
 0013:000C idle  _externals
 0013:000C idle  _Request
 0013:0010 idle  _Exit
 0013:0014       _Relinquish
 0013:0018 idle  _Terminate
 0013:001C       _Export
 0013:0020       _Import
 0013:0024 idle  _device_name
 0013:0028 idle  _Wake
 0013:002C idle  _spawn_batch
 0013:0030 idle  _spawn
 0013:0034 idle  _Get_environ
 0013:0038 idle  _Allocate
 0013:003C idle  _Free
 0013:0040 idle  _Inquire_begin
 0013:0044 idle  _process_control
 0013:0048 idle  _Connect_Int
 0013:004C idle  _Disconnect_Int
 0013:0050       _gettime
 0013:0054 idle  _change_priority
 0013:0058 idle  _my_tcbptr
 0013:005C idle  _swap_to
 0013:0060 idle  _delay

Program entry point at 0000:0002
Warning: No stack

