
 Start  Stop   Length Name               Class

 00000H 005EBH 005ECH _TEXT              CODE
 005ECH 00767H 0017CH _DATA              DATA
 00768H 0076BH 00004H _BSS               BSS


Detailed map of segments

 0000:0000 0099 C=CODE   S=_TEXT          G=(none)  M=mmodhead.ASM ACBP=48
 0000:0099 00A8 C=CODE   S=_TEXT          G=(none)  M=showenv.c  ACBP=28
 0000:0142 042D C=CODE   S=_TEXT          G=(none)  M=vidlib.ASM ACBP=48
 0000:056F 0000 C=CODE   S=_TEXT          G=(none)  M=CTYPE      ACBP=28
 0000:056F 007D C=CODE   S=_TEXT          G=(none)  M=ATOL       ACBP=28
 005E:000C 0058 C=DATA   S=_DATA          G=DGROUP  M=mmodhead.ASM ACBP=48
 005E:0064 0022 C=DATA   S=_DATA          G=DGROUP  M=showenv.c  ACBP=48
 005E:0086 0000 C=DATA   S=_DATA          G=DGROUP  M=vidlib.ASM ACBP=48
 005E:0086 0101 C=DATA   S=_DATA          G=DGROUP  M=CTYPE      ACBP=48
 005E:0188 0000 C=DATA   S=_DATA          G=DGROUP  M=ATOL       ACBP=48
 005E:0188 0004 C=BSS    S=_BSS           G=DGROUP  M=showenv.c  ACBP=48
 005E:018C 0000 C=BSS    S=_BSS           G=DGROUP  M=ATOL       ACBP=48

  Address         Publics by Name

 005E:0038       _Allocate
 0000:056F       _atol
 005E:0054 idle  _change_priority
 0000:043C idle  _closedisplay
 0000:0387 idle  _clr_display
 0000:01B6 idle  _Clr_window
 005E:0048 idle  _Connect_Int
 0000:0000 idle  _dataseg
 005E:0060 idle  _delay
 0000:004C idle  _destory
 005E:0024 idle  _device_name
 005E:004C idle  _Disconnect_Int
 0000:0530 idle  _disowndisplay
 0000:0267 idle  _display
 0000:02A0       _displayln
 0000:047A idle  _dupdisplay
 005E:0010 idle  _Exit
 005E:001C idle  _Export
 005E:000C idle  _externals
 0000:0051 idle  _fork
 005E:003C idle  _Free
 0000:034E idle  _getattr
 0000:03C4 idle  _getdisplay
 005E:0050 idle  _gettime
 005E:0034       _Get_environ
 0000:022F idle  _get_xy
 005E:0020 idle  _Import
 005E:0040 idle  _Inquire_begin
 0000:0142 idle  _keypressed
 0000:005D idle  _ldiv
 0000:0071 idle  _lmod
 0000:0088 idle  _lmult
 0000:0099 idle  _Locate
 0000:00B1       _main
 0000:0400 idle  _moddisplay
 005E:0058 idle  _my_tcbptr
 0000:01F2       _opendisplay
 005E:0188 idle  _output
 0000:0047 idle  _perish
 0000:02DB idle  _position
 005E:0044 idle  _process_control
 0000:04B6 idle  _rawkeypressed
 0000:04F5 idle  _rawreadch
 0000:017E idle  _readch
 005E:0014       _Relinquish
 005E:000C       _Request
 0000:0315 idle  _setattr
 005E:0030 idle  _spawn
 005E:002C idle  _spawn_batch
 005E:005C idle  _swap_to
 005E:0018 idle  _Terminate
 005E:0028 idle  _Wake
 005E:0086       __ctype

  Address         Publics by Value

 0000:0000 idle  _dataseg
 0000:0047 idle  _perish
 0000:004C idle  _destory
 0000:0051 idle  _fork
 0000:005D idle  _ldiv
 0000:0071 idle  _lmod
 0000:0088 idle  _lmult
 0000:0099 idle  _Locate
 0000:00B1       _main
 0000:0142 idle  _keypressed
 0000:017E idle  _readch
 0000:01B6 idle  _Clr_window
 0000:01F2       _opendisplay
 0000:022F idle  _get_xy
 0000:0267 idle  _display
 0000:02A0       _displayln
 0000:02DB idle  _position
 0000:0315 idle  _setattr
 0000:034E idle  _getattr
 0000:0387 idle  _clr_display
 0000:03C4 idle  _getdisplay
 0000:0400 idle  _moddisplay
 0000:043C idle  _closedisplay
 0000:047A idle  _dupdisplay
 0000:04B6 idle  _rawkeypressed
 0000:04F5 idle  _rawreadch
 0000:0530 idle  _disowndisplay
 0000:056F       _atol
 005E:000C idle  _externals
 005E:000C       _Request
 005E:0010 idle  _Exit
 005E:0014       _Relinquish
 005E:0018 idle  _Terminate
 005E:001C idle  _Export
 005E:0020 idle  _Import
 005E:0024 idle  _device_name
 005E:0028 idle  _Wake
 005E:002C idle  _spawn_batch
 005E:0030 idle  _spawn
 005E:0034       _Get_environ
 005E:0038       _Allocate
 005E:003C idle  _Free
 005E:0040 idle  _Inquire_begin
 005E:0044 idle  _process_control
 005E:0048 idle  _Connect_Int
 005E:004C idle  _Disconnect_Int
 005E:0050 idle  _gettime
 005E:0054 idle  _change_priority
 005E:0058 idle  _my_tcbptr
 005E:005C idle  _swap_to
 005E:0060 idle  _delay
 005E:0086       __ctype
 005E:0188 idle  _output

Program entry point at 0000:0002
Warning: No stack

