
 Start  Stop   Length Name               Class

 00000H 003D4H 003D5H _TEXT              CODE
 003D5H 00411H 0003DH INTDUMP_TEXT       CODE
 00412H 0044CH 0003BH IOERROR_TEXT       CODE
 0044DH 00480H 00034H EXIT_TEXT          CODE
 00481H 00481H 00000H STKLEN_TEXT        CODE
 00481H 004AFH 0002FH ATEXIT_TEXT        CODE
 004B0H 007BFH 00310H FMALLOC_TEXT       CODE
 007C0H 00927H 00168H FBRK_TEXT          CODE
 00928H 00947H 00020H SETBLOCK_TEXT      CODE
 00948H 00948H 00000H FILES_TEXT         CODE
 00948H 00948H 00000H FILES2_TEXT        CODE
 00948H 00AADH 00166H WRITE_TEXT         CODE
 00AAEH 00AF9H 0004CH WRITEA_TEXT        CODE
 00AFAH 00B26H 0002DH LSEEK_TEXT         CODE
 00B27H 00C22H 000FCH LTOA_TEXT          CODE
 00C23H 00D0AH 000E8H FFLUSH_TEXT        CODE
 00D0BH 00D2EH 00024H PRINTF_TEXT        CODE
 00D2FH 00FA8H 0027AH PUTC_TEXT          CODE
 00FA9H 0151CH 00574H VPRINTER_TEXT      CODE
 01520H 01898H 00379H _DATA              DATA
 0189AH 0189DH 00004H _EMUSEG            DATA
 0189EH 0189FH 00002H _CRTSEG            DATA
 018A0H 018A3H 00004H _CVTSEG            DATA
 018A4H 018AFH 0000CH _SCNSEG            DATA
 018B0H 0192FH 00080H _BSS               BSS
 01930H 01930H 00000H _BSSEND            STACK
 01930H 01A15H 000E6H _STACK             STACK

Detailed map of segments

0000:0000 01C9 C=CODE S=_TEXT G=(none) M=C0L ACBP=28
0000:01C9 0106 C=CODE S=_TEXT G=(none) M=SETARGV ACBP=28
0000:02CF 0044 C=CODE S=_TEXT G=(none) M=SETENVP ACBP=28
0000:0313 005B C=CODE S=_TEXT G=(none) M=PADD ACBP=28
0000:036E 0021 C=CODE S=_TEXT G=(none) M=PCMP ACBP=28
0000:038F 0023 C=CODE S=_TEXT G=(none) M=CVTFAK ACBP=28
0000:03B2 0004 C=CODE S=_TEXT G=(none) M=REALCVT ACBP=28
0000:03B6 001F C=CODE S=_TEXT G=(none) M=LLSH ACBP=28
003D:0005 003D C=CODE S=INTDUMP_TEXT G=(none) M=INTDUMP.C ACBP=28
0041:0002 003B C=CODE S=IOERROR_TEXT G=(none) M=IOERROR ACBP=28
0044:000D 0034 C=CODE S=EXIT_TEXT G=(none) M=EXIT ACBP=28
0048:0001 0000 C=CODE S=STKLEN_TEXT G=(none) M=STKLEN ACBP=28
0048:0001 002F C=CODE S=ATEXIT_TEXT G=(none) M=ATEXIT ACBP=28
004B:0000 0310 C=CODE S=FMALLOC_TEXT G=(none) M=FMALLOC ACBP=28
007C:0000 0168 C=CODE S=FBRK_TEXT G=(none) M=FBRK ACBP=28
0092:0008 0020 C=CODE S=SETBLOCK_TEXT G=(none) M=SETBLOCK ACBP=28
0094:0008 0000 C=CODE S=FILES_TEXT G=(none) M=FILES ACBP=28
0094:0008 0000 C=CODE S=FILES2_TEXT G=(none) M=FILES2 ACBP=28
0094:0008 0166 C=CODE S=WRITE_TEXT G=(none) M=WRITE ACBP=28
00AA:000E 004C C=CODE S=WRITEA_TEXT G=(none) M=WRITEA ACBP=28
00AF:000A 002D C=CODE S=LSEEK_TEXT G=(none) M=LSEEK ACBP=28
00B2:0007 00FC C=CODE S=LTOA_TEXT G=(none) M=LTOA ACBP=28
00C2:0003 00E8 C=CODE S=FFLUSH_TEXT G=(none) M=FFLUSH ACBP=28
00D0:000B 0024 C=CODE S=PRINTF_TEXT G=(none) M=PRINTF ACBP=28
00D2:000F 027A C=CODE S=PUTC_TEXT G=(none) M=PUTC ACBP=28
00FA:0009 0574 C=CODE S=VPRINTER_TEXT G=(none) M=VPRINTER ACBP=28
0152:0000 0093 C=DATA S=_DATA G=DGROUP M=C0L ACBP=68
0152:0094 0008 C=DATA S=_DATA G=DGROUP M=INTDUMP.C ACBP=48
0152:009C 005B C=DATA S=_DATA G=DGROUP M=IOERROR ACBP=48
0152:00F8 000C C=DATA S=_DATA G=DGROUP M=EXIT ACBP=48
0152:0104 0000 C=DATA S=_DATA G=DGROUP M=SETARGV ACBP=48
0152:0104 0000 C=DATA S=_DATA G=DGROUP M=SETENVP ACBP=48
0152:0104 0002 C=DATA S=_DATA G=DGROUP M=STKLEN ACBP=48
0152:0106 0002 C=DATA S=_DATA G=DGROUP M=ATEXIT ACBP=48
0152:0108 000C C=DATA S=_DATA G=DGROUP M=FMALLOC ACBP=48
0152:0114 0002 C=DATA S=_DATA G=DGROUP M=FBRK ACBP=48
0152:0116 0000 C=DATA S=_DATA G=DGROUP M=SETBLOCK ACBP=48
0152:0116 0190 C=DATA S=_DATA G=DGROUP M=FILES ACBP=48
0152:02A6 0028 C=DATA S=_DATA G=DGROUP M=FILES2 ACBP=48
0152:02CE 0000 C=DATA S=_DATA G=DGROUP M=WRITE ACBP=48
0152:02CE 0000 C=DATA S=_DATA G=DGROUP M=WRITEA ACBP=48
0152:02CE 0000 C=DATA S=_DATA G=DGROUP M=LSEEK ACBP=48
0152:02CE 0000 C=DATA S=_DATA G=DGROUP M=LTOA ACBP=48
0152:02CE 0031 C=DATA S=_DATA G=DGROUP M=CVTFAK ACBP=48
0152:0300 0000 C=DATA S=_DATA G=DGROUP M=FFLUSH ACBP=48
0152:0300 0000 C=DATA S=_DATA G=DGROUP M=PRINTF ACBP=48
0152:0300 0001 C=DATA S=_DATA G=DGROUP M=PUTC ACBP=48
0152:0302 0077 C=DATA S=_DATA G=DGROUP M=VPRINTER ACBP=48
0189:000A 0004 C=DATA S=_EMUSEG G=DGROUP M=C0L ACBP=58
0189:000E 0002 C=DATA S=_CRTSEG G=DGROUP M=C0L ACBP=58
018A:0000 0000 C=DATA S=_CVTSEG G=DGROUP M=C0L ACBP=48
018A:0000 0004 C=DATA S=_CVTSEG G=(none) M=CVTFAK ACBP=48
018A:0004 0000 C=DATA S=_CVTSEG G=DGROUP M=REALCVT ACBP=48
018A:0004 0000 C=DATA S=_SCNSEG G=DGROUP M=C0L ACBP=48
018A:0004 000C C=DATA S=_SCNSEG G=(none) M=CVTFAK ACBP=48
018B:0000 0000 C=BSS S=_BSS G=DGROUP M=C0L ACBP=48
018B:0000 0000 C=BSS S=_BSS G=DGROUP M=INTDUMP.C ACBP=48
018B:0000 0000 C=BSS S=_BSS G=DGROUP M=IOERROR ACBP=48
018B:0000 0000 C=BSS S=_BSS G=DGROUP M=EXIT ACBP=48
018B:0000 0000 C=BSS S=_BSS G=DGROUP M=STKLEN ACBP=48
018B:0000 0080 C=BSS S=_BSS G=DGROUP M=ATEXIT ACBP=48
018B:0080 0000 C=BSS S=_BSS G=DGROUP M=FMALLOC ACBP=48
018B:0080 0000 C=BSS S=_BSS G=DGROUP M=FBRK ACBP=48
018B:0080 0000 C=BSS S=_BSS G=DGROUP M=SETBLOCK ACBP=48
018B:0080 0000 C=BSS S=_BSS G=DGROUP M=FILES ACBP=48
018B:0080 0000 C=BSS S=_BSS G=DGROUP M=FILES2 ACBP=48
018B:0080 0000 C=BSS S=_BSS G=DGROUP M=WRITE ACBP=48
018B:0080 0000 C=BSS S=_BSS G=DGROUP M=WRITEA ACBP=48
018B:0080 0000 C=BSS S=_BSS G=DGROUP M=LSEEK ACBP=48
018B:0080 0000 C=BSS S=_BSS G=DGROUP M=LTOA ACBP=48
018B:0080 0000 C=BSS S=_BSS G=DGROUP M=FFLUSH ACBP=48
018B:0080 0000 C=BSS S=_BSS G=DGROUP M=PRINTF ACBP=48
018B:0080 0000 C=BSS S=_BSS G=DGROUP M=PUTC ACBP=48
018B:0080 0000 C=BSS S=_BSS G=DGROUP M=VPRINTER ACBP=48
0193:0000 0000 C=STACK S=_BSSEND G=DGROUP M=C0L ACBP=28
0193:0000 00E6 C=STACK S=_STACK G=(none) M=C0L ACBP=74

  Address         Publics by Name

 0000:01C7       DGROUP@
 0193:00E6       emuTop@
 0193:00DA       emws_adjust
 0193:00DE       emws_BPsafe
 0193:00D6       emws_control
 0193:00DC       emws_fixSeg
 0193:00C0       emws_initialSP
 0193:0000       emws_limitSP
 0193:00D0       emws_nmiVector
 0193:00CC       emws_saveVector
 0193:00E0       emws_stamp
 0193:00D4       emws_status
 0193:00D8       emws_TOS
 0193:00E4       emws_version
 0000:03B6       LXLSH@
 0000:0313       PADD@
 0000:036E       PCMP@
 0000:0340       PSUB@
 0000:01AF       _abort
 0048:0001       _atexit
 0152:0071       _environ
 0152:007F       _errno
 0044:000E       _exit
 004B:0201       _farmalloc
 00C2:0003       _fflush
 00D2:002E       _fputc
 00D2:0175       _fputchar
 00B2:008B       _itoa
 00AF:000A       _lseek
 00B2:00D8       _ltoa
 003D:0005       _main
 004B:0000       _malloc
 00D0:000B       _printf
 0092:0008       _setblock
 00B2:00B8       _ultoa
 0094:0008       _write
 0152:0081       __8087
 0152:006B       __argc
 0152:006D       __argv
 0152:0106       __atexitcnt
 0152:0390       __atexittbl
 007C:0090       __brk
 0152:008B       __brklvl
 0000:0000  Abs  __cvtfak
 0152:009C       __doserrno
 0152:009E       __dosErrorToSV
 0152:0075       __envLng
 0152:0077       __envseg
 0152:0079       __envSize
 0000:010D       __exit
 0152:00F8       __exitbuf
 0152:00FC       __exitfopen
 0152:0100       __exitopen
 0152:0108       __first
 00D2:000F       __fputc
 00D2:018E       __FPUTN
 0152:0087       __heapbase
 0152:008F       __heaptop
 0152:005B       __Int0Vector
 0152:005F       __Int4Vector
 0152:0063       __Int5Vector
 0152:0067       __Int6Vector
 0041:0002       __IOERROR
 0152:010C       __last
 00B2:0007       __LONGTOA
 0152:02A6       __openfd
 0152:007D       __osmajor
 0152:007E       __osminor
 0152:007B       __psp
 004B:0015       __pull_free_block
 0000:03B2       __REALCVT
 0152:0380       __RealCvtVector
 0000:0172       __restorezero
 0152:0110       __rover
 007C:00D7       __sbrk
 0152:0384       __ScanTodVector
 0000:01D1       __setargv
 0000:02CF       __setenvp
 0152:0083       __StartTime
 0152:0104       __stklen
 0152:0116       __streams
 0152:007D       __version
 00FA:0034       __VPRINTER
 00AA:000E       __write

  Address         Publics by Value

 0000:0000  Abs  __cvtfak
 0000:010D       __exit
 0000:0172       __restorezero
 0000:01AF       _abort
 0000:01C7       DGROUP@
 0000:01D1       __setargv
 0000:02CF       __setenvp
 0000:0313       PADD@
 0000:0340       PSUB@
 0000:036E       PCMP@
 0000:03B2       __REALCVT
 0000:03B6       LXLSH@
 003D:0005       _main
 0041:0002       __IOERROR
 0044:000E       _exit
 0048:0001       _atexit
 004B:0000       _malloc
 004B:0015       __pull_free_block
 004B:0201       _farmalloc
 007C:0090       __brk
 007C:00D7       __sbrk
 0092:0008       _setblock
 0094:0008       _write
 00AA:000E       __write
 00AF:000A       _lseek
 00B2:0007       __LONGTOA
 00B2:008B       _itoa
 00B2:00B8       _ultoa
 00B2:00D8       _ltoa
 00C2:0003       _fflush
 00D0:000B       _printf
 00D2:000F       __fputc
 00D2:002E       _fputc
 00D2:0175       _fputchar
 00D2:018E       __FPUTN
 00FA:0034       __VPRINTER
 0152:005B       __Int0Vector
 0152:005F       __Int4Vector
 0152:0063       __Int5Vector
 0152:0067       __Int6Vector
 0152:006B       __argc
 0152:006D       __argv
 0152:0071       _environ
 0152:0075       __envLng
 0152:0077       __envseg
 0152:0079       __envSize
 0152:007B       __psp
 0152:007D       __version
 0152:007D       __osmajor
 0152:007E       __osminor
 0152:007F       _errno
 0152:0081       __8087
 0152:0083       __StartTime
 0152:0087       __heapbase
 0152:008B       __brklvl
 0152:008F       __heaptop
 0152:009C       __doserrno
 0152:009E       __dosErrorToSV
 0152:00F8       __exitbuf
 0152:00FC       __exitfopen
 0152:0100       __exitopen
 0152:0104       __stklen
 0152:0106       __atexitcnt
 0152:0108       __first
 0152:010C       __last
 0152:0110       __rover
 0152:0116       __streams
 0152:02A6       __openfd
 0152:0380       __RealCvtVector
 0152:0384       __ScanTodVector
 0152:0390       __atexittbl
 0193:0000       emws_limitSP
 0193:00C0       emws_initialSP
 0193:00CC       emws_saveVector
 0193:00D0       emws_nmiVector
 0193:00D4       emws_status
 0193:00D6       emws_control
 0193:00D8       emws_TOS
 0193:00DA       emws_adjust
 0193:00DC       emws_fixSeg
 0193:00DE       emws_BPsafe
 0193:00E0       emws_stamp
 0193:00E4       emws_version
 0193:00E6       emuTop@

Line numbers for INTDUMP.OBJ(INTDUMP.C) segment INTDUMP_TEXT

     3 003D:0005     6 003D:000B     7 003D:0012     8 003D:003E
Program entry point at 0000:0000

