
 Start  Stop   Length Name               Class

 00000H 00737H 00738H _TEXT              CODE
 00738H 007ABH 00074H _DATA              DATA
 007ACH 008B6H 0010BH _BSS               BSS


Detailed map of segments

 0000:0000 008B C=CODE   S=_TEXT          G=(none)  M=mmodhead.ASM ACBP=48
 0000:008B 01D5 C=CODE   S=_TEXT          G=(none)  M=dispatch.c ACBP=28
 0000:0260 00E9 C=CODE   S=_TEXT          G=(none)  M=commlib.ASM ACBP=48
 0000:034A 03EE C=CODE   S=_TEXT          G=(none)  M=vidlib.ASM ACBP=48
 0073:0008 0058 C=DATA   S=_DATA          G=DGROUP  M=mmodhead.ASM ACBP=48
 0073:0060 001B C=DATA   S=_DATA          G=DGROUP  M=dispatch.c ACBP=48
 0073:007C 0000 C=DATA   S=_DATA          G=DGROUP  M=commlib.ASM ACBP=48
 0073:007C 0000 C=DATA   S=_DATA          G=DGROUP  M=vidlib.ASM ACBP=48
 0073:007C 010B C=BSS    S=_BSS           G=DGROUP  M=dispatch.c ACBP=48

  Address         Publics by Name

 0073:0034 idle  _Allocate
 0073:017C idle  _ch
 0073:0050 idle  _change_priority
 0000:0644 idle  _closedisplay
 0000:058F idle  _clr_display
 0000:03BE idle  _Clr_window
 0000:0260       _comopen
 0000:0299       _comread
 0000:030C idle  _comsetmodem
 0000:02D2       _comwrite
 0073:0044 idle  _Connect_Int
 0000:0000 idle  _dataseg
 0073:005C idle  _delay
 0000:0045 idle  _destory
 0073:0020 idle  _device_name
 0073:0048 idle  _Disconnect_Int
 0000:046F idle  _display
 0000:04A8       _displayln
 0073:0060 idle  _done
 0000:0682 idle  _dupdisplay
 0073:000C idle  _Exit
 0073:0018 idle  _Export
 0073:0008 idle  _externals
 0000:004A idle  _fork
 0073:0038 idle  _Free
 0000:0556 idle  _getattr
 0000:05CC idle  _getdisplay
 0073:004C       _gettime
 0073:0030 idle  _Get_environ
 0000:0437 idle  _get_xy
 0073:017E idle  _idx
 0073:001C idle  _Import
 0073:0183 idle  _input
 0073:003C idle  _Inquire_begin
 0000:034A       _keypressed
 0000:004F idle  _ldiv
 0073:007C idle  _line
 0000:0063 idle  _lmod
 0000:007A idle  _lmult
 0000:008B       _main
 0000:0608 idle  _moddisplay
 0073:0054 idle  _my_tcbptr
 0000:03FA       _opendisplay
 0073:017F idle  _output
 0000:0040 idle  _perish
 0000:04E3 idle  _position
 0073:0040 idle  _process_control
 0000:06BE idle  _rawkeypressed
 0000:06FD idle  _rawreadch
 0000:0386       _readch
 0073:0010       _Relinquish
 0073:0008       _Request
 0000:051D idle  _setattr
 0073:002C idle  _spawn
 0073:0028 idle  _spawn_batch
 0073:0058 idle  _swap_to
 0073:0014 idle  _Terminate
 0073:0024 idle  _Wake
 0073:017D idle  __idx

  Address         Publics by Value

 0000:0000 idle  _dataseg
 0000:0040 idle  _perish
 0000:0045 idle  _destory
 0000:004A idle  _fork
 0000:004F idle  _ldiv
 0000:0063 idle  _lmod
 0000:007A idle  _lmult
 0000:008B       _main
 0000:0260       _comopen
 0000:0299       _comread
 0000:02D2       _comwrite
 0000:030C idle  _comsetmodem
 0000:034A       _keypressed
 0000:0386       _readch
 0000:03BE idle  _Clr_window
 0000:03FA       _opendisplay
 0000:0437 idle  _get_xy
 0000:046F idle  _display
 0000:04A8       _displayln
 0000:04E3 idle  _position
 0000:051D idle  _setattr
 0000:0556 idle  _getattr
 0000:058F idle  _clr_display
 0000:05CC idle  _getdisplay
 0000:0608 idle  _moddisplay
 0000:0644 idle  _closedisplay
 0000:0682 idle  _dupdisplay
 0000:06BE idle  _rawkeypressed
 0000:06FD idle  _rawreadch
 0073:0008 idle  _externals
 0073:0008       _Request
 0073:000C idle  _Exit
 0073:0010       _Relinquish
 0073:0014 idle  _Terminate
 0073:0018 idle  _Export
 0073:001C idle  _Import
 0073:0020 idle  _device_name
 0073:0024 idle  _Wake
 0073:0028 idle  _spawn_batch
 0073:002C idle  _spawn
 0073:0030 idle  _Get_environ
 0073:0034 idle  _Allocate
 0073:0038 idle  _Free
 0073:003C idle  _Inquire_begin
 0073:0040 idle  _process_control
 0073:0044 idle  _Connect_Int
 0073:0048 idle  _Disconnect_Int
 0073:004C       _gettime
 0073:0050 idle  _change_priority
 0073:0054 idle  _my_tcbptr
 0073:0058 idle  _swap_to
 0073:005C idle  _delay
 0073:0060 idle  _done
 0073:007C idle  _line
 0073:017C idle  _ch
 0073:017D idle  __idx
 0073:017E idle  _idx
 0073:017F idle  _output
 0073:0183 idle  _input

Program entry point at 0000:0002
Warning: No stack

