
 Start  Stop   Length Name               Class

 00000H 005B0H 005B1H _TEXT              CODE
 005B1H 008E5H 00335H UPS_TEXT           CODE
 008E6H 00AE9H 00204H _DATA              DATA
 00AEAH 00AF1H 00008H _BSS               BSS


Detailed map of segments

 0000:0000 0099 C=CODE   S=_TEXT          G=(none)  M=mmodhead.ASM ACBP=48
 0000:009A 042D C=CODE   S=_TEXT          G=(none)  M=vidlib.asm ACBP=48
 0000:04C8 00E9 C=CODE   S=_TEXT          G=(none)  M=COMMLIB    ACBP=48
 005B:0001 0335 C=CODE   S=UPS_TEXT       G=(none)  M=ups.c      ACBP=28
 008E:0006 0058 C=DATA   S=_DATA          G=DGROUP  M=mmodhead.ASM ACBP=48
 008E:005E 01AC C=DATA   S=_DATA          G=DGROUP  M=ups.c      ACBP=48
 008E:020A 0000 C=DATA   S=_DATA          G=DGROUP  M=vidlib.asm ACBP=48
 008E:020A 0000 C=DATA   S=_DATA          G=DGROUP  M=COMMLIB    ACBP=48
 008E:020A 0008 C=BSS    S=_BSS           G=DGROUP  M=ups.c      ACBP=48

  Address         Publics by Name

 008E:006B idle  _ACState
 008E:0032 idle  _Allocate
 008E:004E idle  _change_priority
 0000:0394 idle  _closedisplay
 0000:02DF idle  _clr_display
 0000:010E idle  _Clr_window
 008E:020A idle  _comchan
 0000:04C8       _comopen
 0000:0501 idle  _comread
 008E:005E idle  _coms
 0000:0574       _comsetmodem
 0000:053A idle  _comwrite
 008E:0042 idle  _Connect_Int
 0000:0000 idle  _dataseg
 008E:005A idle  _delay
 0000:004C idle  _destory
 008E:001E idle  _device_name
 008E:0046 idle  _Disconnect_Int
 0000:0488 idle  _disowndisplay
 0000:01BF idle  _display
 0000:01F8       _displayln
 0000:03D2 idle  _dupdisplay
 008E:000A idle  _Exit
 008E:0016 idle  _Export
 008E:0006 idle  _externals
 0000:0051 idle  _fork
 008E:0036 idle  _Free
 0000:02A6 idle  _getattr
 0000:031C idle  _getdisplay
 008E:004A idle  _gettime
 008E:002E       _Get_environ
 0000:0187 idle  _get_xy
 008E:006A idle  _holding_status
 008E:001A idle  _Import
 008E:003A       _Inquire_begin
 0000:009A idle  _keypressed
 0000:005D idle  _ldiv
 0000:0071 idle  _lmod
 0000:0088 idle  _lmult
 005B:0001 idle  _Locate
 005B:007C       _main
 008E:006C idle  _messages
 0000:0358       _moddisplay
 008E:0052 idle  _my_tcbptr
 0000:014A       _opendisplay
 008E:020E idle  _output
 0000:0047       _perish
 0000:0233 idle  _position
 005B:0019 idle  _print_state
 008E:003E idle  _process_control
 0000:040E idle  _rawkeypressed
 0000:044D idle  _rawreadch
 0000:00D6 idle  _readch
 008E:000E       _Relinquish
 008E:0006       _Request
 0000:026D       _setattr
 008E:002A idle  _spawn
 008E:0026 idle  _spawn_batch
 008E:0056 idle  _swap_to
 008E:0012 idle  _Terminate
 008E:0022 idle  _Wake

  Address         Publics by Value

 0000:0000 idle  _dataseg
 0000:0047       _perish
 0000:004C idle  _destory
 0000:0051 idle  _fork
 0000:005D idle  _ldiv
 0000:0071 idle  _lmod
 0000:0088 idle  _lmult
 0000:009A idle  _keypressed
 0000:00D6 idle  _readch
 0000:010E idle  _Clr_window
 0000:014A       _opendisplay
 0000:0187 idle  _get_xy
 0000:01BF idle  _display
 0000:01F8       _displayln
 0000:0233 idle  _position
 0000:026D       _setattr
 0000:02A6 idle  _getattr
 0000:02DF idle  _clr_display
 0000:031C idle  _getdisplay
 0000:0358       _moddisplay
 0000:0394 idle  _closedisplay
 0000:03D2 idle  _dupdisplay
 0000:040E idle  _rawkeypressed
 0000:044D idle  _rawreadch
 0000:0488 idle  _disowndisplay
 0000:04C8       _comopen
 0000:0501 idle  _comread
 0000:053A idle  _comwrite
 0000:0574       _comsetmodem
 005B:0001 idle  _Locate
 005B:0019 idle  _print_state
 005B:007C       _main
 008E:0006 idle  _externals
 008E:0006       _Request
 008E:000A idle  _Exit
 008E:000E       _Relinquish
 008E:0012 idle  _Terminate
 008E:0016 idle  _Export
 008E:001A idle  _Import
 008E:001E idle  _device_name
 008E:0022 idle  _Wake
 008E:0026 idle  _spawn_batch
 008E:002A idle  _spawn
 008E:002E       _Get_environ
 008E:0032 idle  _Allocate
 008E:0036 idle  _Free
 008E:003A       _Inquire_begin
 008E:003E idle  _process_control
 008E:0042 idle  _Connect_Int
 008E:0046 idle  _Disconnect_Int
 008E:004A idle  _gettime
 008E:004E idle  _change_priority
 008E:0052 idle  _my_tcbptr
 008E:0056 idle  _swap_to
 008E:005A idle  _delay
 008E:005E idle  _coms
 008E:006A idle  _holding_status
 008E:006B idle  _ACState
 008E:006C idle  _messages
 008E:020A idle  _comchan
 008E:020E idle  _output

Program entry point at 0000:0002
Warning: No stack

