
 Start  Stop   Length Name               Class

 00000H 004C6H 004C7H _TEXT              CODE
 004C7H 00641H 0017BH WNDW_MGR_TEXT      CODE
 00642H 006B5H 00074H _DATA              DATA
 006B6H 006BDH 00008H _BSS               BSS


Detailed map of segments

 0000:0000 0099 C=CODE   S=_TEXT          G=(none)  M=mmodhead.ASM ACBP=48
 0000:009A 042D C=CODE   S=_TEXT          G=(none)  M=vidlib.asm ACBP=48
 004C:0007 017B C=CODE   S=WNDW_MGR_TEXT  G=(none)  M=wndw_mgr.c ACBP=28
 0064:0002 0058 C=DATA   S=_DATA          G=DGROUP  M=mmodhead.ASM ACBP=48
 0064:005A 001B C=DATA   S=_DATA          G=DGROUP  M=wndw_mgr.c ACBP=48
 0064:0076 0000 C=DATA   S=_DATA          G=DGROUP  M=vidlib.asm ACBP=48
 0064:0076 0008 C=BSS    S=_BSS           G=DGROUP  M=wndw_mgr.c ACBP=48

  Address         Publics by Name

 0064:002E idle  _Allocate
 0064:004A idle  _change_priority
 0000:0394       _closedisplay
 0000:02DF       _clr_display
 0000:010E idle  _Clr_window
 0064:003E idle  _Connect_Int
 0000:0000 idle  _dataseg
 0064:0056 idle  _delay
 0000:004C idle  _destory
 0064:001A idle  _device_name
 0064:0042 idle  _Disconnect_Int
 0000:0488 idle  _disowndisplay
 0000:01BF idle  _display
 0000:01F8       _displayln
 0000:03D2 idle  _dupdisplay
 0064:0006 idle  _Exit
 0064:0012 idle  _Export
 0064:0002 idle  _externals
 0000:0051 idle  _fork
 0064:0032 idle  _Free
 0000:02A6 idle  _getattr
 0000:031C idle  _getdisplay
 0064:0046 idle  _gettime
 0064:002A idle  _Get_environ
 0000:0187 idle  _get_xy
 0064:0016 idle  _Import
 0064:0036 idle  _Inquire_begin
 0000:009A idle  _keypressed
 0000:005D idle  _ldiv
 0000:0071 idle  _lmod
 0000:0088 idle  _lmult
 004C:0007 idle  _Locate
 004C:001F       _main
 0000:0358 idle  _moddisplay
 0064:004E idle  _my_tcbptr
 0000:014A       _opendisplay
 0000:0047 idle  _perish
 0000:0233       _position
 0064:003A idle  _process_control
 0000:040E idle  _rawkeypressed
 0000:044D idle  _rawreadch
 0000:00D6 idle  _readch
 0064:000A       _Relinquish
 0064:0002       _Request
 0000:026D idle  _setattr
 0064:0026 idle  _spawn
 0064:0022 idle  _spawn_batch
 0064:0052 idle  _swap_to
 0064:000E idle  _Terminate
 0064:001E idle  _Wake

  Address         Publics by Value

 0000:0000 idle  _dataseg
 0000:0047 idle  _perish
 0000:004C idle  _destory
 0000:0051 idle  _fork
 0000:005D idle  _ldiv
 0000:0071 idle  _lmod
 0000:0088 idle  _lmult
 0000:009A idle  _keypressed
 0000:00D6 idle  _readch
 0000:010E idle  _Clr_window
 0000:014A       _opendisplay
 0000:0187 idle  _get_xy
 0000:01BF idle  _display
 0000:01F8       _displayln
 0000:0233       _position
 0000:026D idle  _setattr
 0000:02A6 idle  _getattr
 0000:02DF       _clr_display
 0000:031C idle  _getdisplay
 0000:0358 idle  _moddisplay
 0000:0394       _closedisplay
 0000:03D2 idle  _dupdisplay
 0000:040E idle  _rawkeypressed
 0000:044D idle  _rawreadch
 0000:0488 idle  _disowndisplay
 004C:0007 idle  _Locate
 004C:001F       _main
 0064:0002 idle  _externals
 0064:0002       _Request
 0064:0006 idle  _Exit
 0064:000A       _Relinquish
 0064:000E idle  _Terminate
 0064:0012 idle  _Export
 0064:0016 idle  _Import
 0064:001A idle  _device_name
 0064:001E idle  _Wake
 0064:0022 idle  _spawn_batch
 0064:0026 idle  _spawn
 0064:002A idle  _Get_environ
 0064:002E idle  _Allocate
 0064:0032 idle  _Free
 0064:0036 idle  _Inquire_begin
 0064:003A idle  _process_control
 0064:003E idle  _Connect_Int
 0064:0042 idle  _Disconnect_Int
 0064:0046 idle  _gettime
 0064:004A idle  _change_priority
 0064:004E idle  _my_tcbptr
 0064:0052 idle  _swap_to
 0064:0056 idle  _delay

Program entry point at 0000:0002
Warning: No stack

