
 Start  Stop   Length Name               Class

 00000H 0038EH 0038FH _TEXT              CODE
 0038FH 005D2H 00244H PCM_TEXT           CODE
 005D3H 0060DH 0003BH IOERROR_TEXT       CODE
 0060EH 00641H 00034H EXIT_TEXT          CODE
 00642H 00642H 00000H STKLEN_TEXT        CODE
 00642H 00670H 0002FH ATEXIT_TEXT        CODE
 00671H 00980H 00310H FMALLOC_TEXT       CODE
 00981H 00AE8H 00168H FBRK_TEXT          CODE
 00AE9H 00B08H 00020H SETBLOCK_TEXT      CODE
 00B09H 00B09H 00000H FILES_TEXT         CODE
 00B09H 00B09H 00000H FILES2_TEXT        CODE
 00B09H 00C4BH 00143H FSEEK_TEXT         CODE
 00C4CH 00E9CH 00251H GETC_TEXT          CODE
 00E9DH 00EAEH 00012H ISATTY_TEXT        CODE
 00EAFH 00FF0H 00142H SETVBUF_TEXT       CODE
 00FF1H 0102AH 0003AH XFFLUSH_TEXT       CODE
 0102BH 010EFH 000C5H READ_TEXT          CODE
 010F0H 0110FH 00020H READA_TEXT         CODE
 01110H 01275H 00166H WRITE_TEXT         CODE
 01276H 012C1H 0004CH WRITEA_TEXT        CODE
 012C2H 012EEH 0002DH LSEEK_TEXT         CODE
 012EFH 0135EH 00070H EOF_TEXT           CODE
 0135FH 01446H 000E8H FFLUSH_TEXT        CODE
 01447H 016C0H 0027AH PUTC_TEXT          CODE
 016C1H 019E7H 00327H FFREE_TEXT         CODE
 019E8H 01A00H 00019H TELL_TEXT          CODE
 01A10H 01CDFH 002D0H _DATA              DATA
 01CE0H 01CE3H 00004H _EMUSEG            DATA
 01CE4H 01CE5H 00002H _CRTSEG            DATA
 01CE6H 01CE6H 00000H _CVTSEG            DATA
 01CE6H 01CE6H 00000H _SCNSEG            DATA
 01CE6H 01D65H 00080H _BSS               BSS
 01D66H 01D66H 00000H _BSSEND            STACK
 01D70H 01E55H 000E6H _STACK             STACK

Detailed map of segments

0000:0000 01C9 C=CODE S=_TEXT G=(none) M=C0L ACBP=28
0000:01C9 0106 C=CODE S=_TEXT G=(none) M=SETARGV ACBP=28
0000:02CF 0044 C=CODE S=_TEXT G=(none) M=SETENVP ACBP=28
0000:0313 005B C=CODE S=_TEXT G=(none) M=PADD ACBP=28
0000:036E 0021 C=CODE S=_TEXT G=(none) M=PCMP ACBP=28
0038:000F 0244 C=CODE S=PCM_TEXT G=(none) M=PCM.C ACBP=28
005D:0003 003B C=CODE S=IOERROR_TEXT G=(none) M=IOERROR ACBP=28
0060:000E 0034 C=CODE S=EXIT_TEXT G=(none) M=EXIT ACBP=28
0064:0002 0000 C=CODE S=STKLEN_TEXT G=(none) M=STKLEN ACBP=28
0064:0002 002F C=CODE S=ATEXIT_TEXT G=(none) M=ATEXIT ACBP=28
0067:0001 0310 C=CODE S=FMALLOC_TEXT G=(none) M=FMALLOC ACBP=28
0098:0001 0168 C=CODE S=FBRK_TEXT G=(none) M=FBRK ACBP=28
00AE:0009 0020 C=CODE S=SETBLOCK_TEXT G=(none) M=SETBLOCK ACBP=28
00B0:0009 0000 C=CODE S=FILES_TEXT G=(none) M=FILES ACBP=28
00B0:0009 0000 C=CODE S=FILES2_TEXT G=(none) M=FILES2 ACBP=28
00B0:0009 0143 C=CODE S=FSEEK_TEXT G=(none) M=FSEEK ACBP=28
00C4:000C 0251 C=CODE S=GETC_TEXT G=(none) M=GETC ACBP=28
00E9:000D 0012 C=CODE S=ISATTY_TEXT G=(none) M=ISATTY ACBP=28
00EA:000F 0142 C=CODE S=SETVBUF_TEXT G=(none) M=SETVBUF ACBP=28
00FF:0001 003A C=CODE S=XFFLUSH_TEXT G=(none) M=XFFLUSH ACBP=28
0102:000B 00C5 C=CODE S=READ_TEXT G=(none) M=READ ACBP=28
010F:0000 0020 C=CODE S=READA_TEXT G=(none) M=READA ACBP=28
0111:0000 0166 C=CODE S=WRITE_TEXT G=(none) M=WRITE ACBP=28
0127:0006 004C C=CODE S=WRITEA_TEXT G=(none) M=WRITEA ACBP=28
012C:0002 002D C=CODE S=LSEEK_TEXT G=(none) M=LSEEK ACBP=28
012E:000F 0070 C=CODE S=EOF_TEXT G=(none) M=EOF ACBP=28
0135:000F 00E8 C=CODE S=FFLUSH_TEXT G=(none) M=FFLUSH ACBP=28
0144:0007 027A C=CODE S=PUTC_TEXT G=(none) M=PUTC ACBP=28
016C:0001 0327 C=CODE S=FFREE_TEXT G=(none) M=FFREE ACBP=28
019E:0008 0019 C=CODE S=TELL_TEXT G=(none) M=TELL ACBP=28
01A1:0000 0093 C=DATA S=_DATA G=DGROUP M=C0L ACBP=68
01A1:0094 0004 C=DATA S=_DATA G=DGROUP M=PCM.C ACBP=48
01A1:0098 005B C=DATA S=_DATA G=DGROUP M=IOERROR ACBP=48
01A1:00F4 000C C=DATA S=_DATA G=DGROUP M=EXIT ACBP=48
01A1:0100 0000 C=DATA S=_DATA G=DGROUP M=SETARGV ACBP=48
01A1:0100 0000 C=DATA S=_DATA G=DGROUP M=SETENVP ACBP=48
01A1:0100 0002 C=DATA S=_DATA G=DGROUP M=STKLEN ACBP=48
01A1:0102 0002 C=DATA S=_DATA G=DGROUP M=ATEXIT ACBP=48
01A1:0104 000C C=DATA S=_DATA G=DGROUP M=FMALLOC ACBP=48
01A1:0110 0002 C=DATA S=_DATA G=DGROUP M=FBRK ACBP=48
01A1:0112 0000 C=DATA S=_DATA G=DGROUP M=SETBLOCK ACBP=48
01A1:0112 0190 C=DATA S=_DATA G=DGROUP M=FILES ACBP=48
01A1:02A2 0028 C=DATA S=_DATA G=DGROUP M=FILES2 ACBP=48
01A1:02CA 0000 C=DATA S=_DATA G=DGROUP M=FSEEK ACBP=48
01A1:02CA 0000 C=DATA S=_DATA G=DGROUP M=GETC ACBP=48
01A1:02CA 0000 C=DATA S=_DATA G=DGROUP M=ISATTY ACBP=48
01A1:02CA 0004 C=DATA S=_DATA G=DGROUP M=SETVBUF ACBP=48
01A1:02CE 0000 C=DATA S=_DATA G=DGROUP M=XFFLUSH ACBP=48
01A1:02CE 0000 C=DATA S=_DATA G=DGROUP M=READ ACBP=48
01A1:02CE 0000 C=DATA S=_DATA G=DGROUP M=READA ACBP=48
01A1:02CE 0000 C=DATA S=_DATA G=DGROUP M=WRITE ACBP=48
01A1:02CE 0000 C=DATA S=_DATA G=DGROUP M=WRITEA ACBP=48
01A1:02CE 0000 C=DATA S=_DATA G=DGROUP M=LSEEK ACBP=48
01A1:02CE 0000 C=DATA S=_DATA G=DGROUP M=EOF ACBP=48
01A1:02CE 0000 C=DATA S=_DATA G=DGROUP M=FFLUSH ACBP=48
01A1:02CE 0001 C=DATA S=_DATA G=DGROUP M=PUTC ACBP=48
01A1:02D0 0000 C=DATA S=_DATA G=DGROUP M=FFREE ACBP=48
01A1:02D0 0000 C=DATA S=_DATA G=DGROUP M=TELL ACBP=48
01CE:0000 0004 C=DATA S=_EMUSEG G=DGROUP M=C0L ACBP=58
01CE:0004 0002 C=DATA S=_CRTSEG G=DGROUP M=C0L ACBP=58
01CE:0006 0000 C=DATA S=_CVTSEG G=DGROUP M=C0L ACBP=48
01CE:0006 0000 C=DATA S=_SCNSEG G=DGROUP M=C0L ACBP=48
01CE:0006 0000 C=BSS S=_BSS G=DGROUP M=C0L ACBP=48
01CE:0006 0000 C=BSS S=_BSS G=DGROUP M=PCM.C ACBP=48
01CE:0006 0000 C=BSS S=_BSS G=DGROUP M=IOERROR ACBP=48
01CE:0006 0000 C=BSS S=_BSS G=DGROUP M=EXIT ACBP=48
01CE:0006 0000 C=BSS S=_BSS G=DGROUP M=STKLEN ACBP=48
01CE:0006 0080 C=BSS S=_BSS G=DGROUP M=ATEXIT ACBP=48
01CE:0086 0000 C=BSS S=_BSS G=DGROUP M=FMALLOC ACBP=48
01CE:0086 0000 C=BSS S=_BSS G=DGROUP M=FBRK ACBP=48
01CE:0086 0000 C=BSS S=_BSS G=DGROUP M=SETBLOCK ACBP=48
01CE:0086 0000 C=BSS S=_BSS G=DGROUP M=FILES ACBP=48
01CE:0086 0000 C=BSS S=_BSS G=DGROUP M=FILES2 ACBP=48
01CE:0086 0000 C=BSS S=_BSS G=DGROUP M=FSEEK ACBP=48
01CE:0086 0000 C=BSS S=_BSS G=DGROUP M=GETC ACBP=48
01CE:0086 0000 C=BSS S=_BSS G=DGROUP M=ISATTY ACBP=48
01CE:0086 0000 C=BSS S=_BSS G=DGROUP M=SETVBUF ACBP=48
01CE:0086 0000 C=BSS S=_BSS G=DGROUP M=XFFLUSH ACBP=48
01CE:0086 0000 C=BSS S=_BSS G=DGROUP M=READ ACBP=48
01CE:0086 0000 C=BSS S=_BSS G=DGROUP M=READA ACBP=48
01CE:0086 0000 C=BSS S=_BSS G=DGROUP M=WRITE ACBP=48
01CE:0086 0000 C=BSS S=_BSS G=DGROUP M=WRITEA ACBP=48
01CE:0086 0000 C=BSS S=_BSS G=DGROUP M=LSEEK ACBP=48
01CE:0086 0000 C=BSS S=_BSS G=DGROUP M=EOF ACBP=48
01CE:0086 0000 C=BSS S=_BSS G=DGROUP M=FFLUSH ACBP=48
01CE:0086 0000 C=BSS S=_BSS G=DGROUP M=PUTC ACBP=48
01CE:0086 0000 C=BSS S=_BSS G=DGROUP M=FFREE ACBP=48
01CE:0086 0000 C=BSS S=_BSS G=DGROUP M=TELL ACBP=48
01D6:0006 0000 C=STACK S=_BSSEND G=DGROUP M=C0L ACBP=28
01D7:0000 00E6 C=STACK S=_STACK G=(none) M=C0L ACBP=74

  Address         Publics by Name

 0000:01C7       DGROUP@
 01D7:00E6       emuTop@
 01D7:00DA       emws_adjust
 01D7:00DE       emws_BPsafe
 01D7:00D6       emws_control
 01D7:00DC       emws_fixSeg
 01D7:00C0       emws_initialSP
 01D7:0000       emws_limitSP
 01D7:00D0       emws_nmiVector
 01D7:00CC       emws_saveVector
 01D7:00E0       emws_stamp
 01D7:00D4       emws_status
 01D7:00D8       emws_TOS
 01D7:00E4       emws_version
 0000:0313       PADD@
 0000:036E       PCMP@
 0000:0340       PSUB@
 0000:01AF       _abort
 0064:0002       _atexit
 0038:000F       _Devgetc
 0038:0076       _Devopen
 0038:0047       _Devputc
 01A1:0071       _environ
 012E:000F       _eof
 01A1:007F       _errno
 0060:000F       _exit
 016C:02DB       _farfree
 0067:0202       _farmalloc
 0135:000F       _fflush
 00C4:00F8       _fgetc
 00C4:024F       _fgetchar
 01A1:0094       _first_pipe
 0144:0026       _fputc
 0144:016D       _fputchar
 016C:0001       _free
 00B0:0057       _fseek
 00B0:00E5       _ftell
 0038:00CB       _Glass_Trans
 00E9:000D       _isatty
 012C:0002       _lseek
 0038:01DB       _main
 0038:010D       _make_pipe
 0067:0001       _malloc
 0102:000B       _read
 00AE:0009       _setblock
 00EA:000F       _setvbuf
 019E:0008       _tell
 0111:0000       _write
 01A1:0081       __8087
 01A1:006B       __argc
 01A1:006D       __argv
 01A1:0102       __atexitcnt
 01A1:02D6       __atexittbl
 0098:0091       __brk
 01A1:008B       __brklvl
 01A1:0098       __doserrno
 01A1:009A       __dosErrorToSV
 01A1:0075       __envLng
 01A1:0077       __envseg
 01A1:0079       __envSize
 0000:010D       __exit
 01A1:00F4       __exitbuf
 01A1:00F8       __exitfopen
 01A1:00FC       __exitopen
 00C4:00DE       __fgetc
 01A1:0104       __first
 0144:0007       __fputc
 0144:0186       __FPUTN
 01A1:0087       __heapbase
 01A1:008F       __heaptop
 01A1:005B       __Int0Vector
 01A1:005F       __Int4Vector
 01A1:0063       __Int5Vector
 01A1:0067       __Int6Vector
 005D:0003       __IOERROR
 01A1:0108       __last
 01A1:02A2       __openfd
 01A1:007D       __osmajor
 01A1:007E       __osminor
 01A1:007B       __psp
 0067:0016       __pull_free_block
 010F:0000       __read
 01A1:02D6       __RealCvtVector
 0000:0172       __restorezero
 01A1:010C       __rover
 0098:00D8       __sbrk
 01A1:02D6       __ScanTodVector
 0000:01D1       __setargv
 0000:02CF       __setenvp
 01A1:0083       __StartTime
 01A1:02CA       __stdinStarted
 01A1:02CC       __stdoutStarted
 01A1:0100       __stklen
 01A1:0112       __streams
 01A1:007D       __version
 0127:0006       __write
 00FF:0001       __xfflush

  Address         Publics by Value

 0000:010D       __exit
 0000:0172       __restorezero
 0000:01AF       _abort
 0000:01C7       DGROUP@
 0000:01D1       __setargv
 0000:02CF       __setenvp
 0000:0313       PADD@
 0000:0340       PSUB@
 0000:036E       PCMP@
 0038:000F       _Devgetc
 0038:0047       _Devputc
 0038:0076       _Devopen
 0038:00CB       _Glass_Trans
 0038:010D       _make_pipe
 0038:01DB       _main
 005D:0003       __IOERROR
 0060:000F       _exit
 0064:0002       _atexit
 0067:0001       _malloc
 0067:0016       __pull_free_block
 0067:0202       _farmalloc
 0098:0091       __brk
 0098:00D8       __sbrk
 00AE:0009       _setblock
 00B0:0057       _fseek
 00B0:00E5       _ftell
 00C4:00DE       __fgetc
 00C4:00F8       _fgetc
 00C4:024F       _fgetchar
 00E9:000D       _isatty
 00EA:000F       _setvbuf
 00FF:0001       __xfflush
 0102:000B       _read
 010F:0000       __read
 0111:0000       _write
 0127:0006       __write
 012C:0002       _lseek
 012E:000F       _eof
 0135:000F       _fflush
 0144:0007       __fputc
 0144:0026       _fputc
 0144:016D       _fputchar
 0144:0186       __FPUTN
 016C:0001       _free
 016C:02DB       _farfree
 019E:0008       _tell
 01A1:005B       __Int0Vector
 01A1:005F       __Int4Vector
 01A1:0063       __Int5Vector
 01A1:0067       __Int6Vector
 01A1:006B       __argc
 01A1:006D       __argv
 01A1:0071       _environ
 01A1:0075       __envLng
 01A1:0077       __envseg
 01A1:0079       __envSize
 01A1:007B       __psp
 01A1:007D       __version
 01A1:007D       __osmajor
 01A1:007E       __osminor
 01A1:007F       _errno
 01A1:0081       __8087
 01A1:0083       __StartTime
 01A1:0087       __heapbase
 01A1:008B       __brklvl
 01A1:008F       __heaptop
 01A1:0094       _first_pipe
 01A1:0098       __doserrno
 01A1:009A       __dosErrorToSV
 01A1:00F4       __exitbuf
 01A1:00F8       __exitfopen
 01A1:00FC       __exitopen
 01A1:0100       __stklen
 01A1:0102       __atexitcnt
 01A1:0104       __first
 01A1:0108       __last
 01A1:010C       __rover
 01A1:0112       __streams
 01A1:02A2       __openfd
 01A1:02CA       __stdinStarted
 01A1:02CC       __stdoutStarted
 01A1:02D6       __atexittbl
 01A1:02D6       __ScanTodVector
 01A1:02D6       __RealCvtVector
 01D7:0000       emws_limitSP
 01D7:00C0       emws_initialSP
 01D7:00CC       emws_saveVector
 01D7:00D0       emws_nmiVector
 01D7:00D4       emws_status
 01D7:00D6       emws_control
 01D7:00D8       emws_TOS
 01D7:00DA       emws_adjust
 01D7:00DC       emws_fixSeg
 01D7:00DE       emws_BPsafe
 01D7:00E0       emws_stamp
 01D7:00E4       emws_version
 01D7:00E6       emuTop@

Line numbers for PCM.OBJ(PCM.C) segment PCM_TEXT

    27 0038:000F    30 0038:0015    34 0038:0026    35 0038:003C
    37 0038:003E    38 0038:0043    40 0038:0047    42 0038:004A
    46 0038:005B    47 0038:0072    49 0038:0074    51 0038:0076
    54 0038:007C    55 0038:008D    56 0038:0096    59 0038:00A1
    60 0038:00AE    62 0038:00B0    63 0038:00BD    65 0038:00BF
    66 0038:00C7    68 0038:00CB    71 0038:00D1    74 0038:00DE
    75 0038:00F2    76 0038:0107    78 0038:0109    80 0038:010D
    82 0038:0113    83 0038:0127    84 0038:012F    88 0038:014B
    87 0038:0158    89 0038:0165    90 0038:017B    91 0038:0181
    93 0038:018B    94 0038:019A    95 0038:01A8    96 0038:01AE
    97 0038:01BC    98 0038:01C9    99 0038:01D7   103 0038:01DB
   108 0038:01E1   109 0038:01F0   112 0038:0200   116 0038:021C
   119 0038:0228   120 0038:0238   117 0038:0245   114 0038:024D
   123 0038:024F
Program entry point at 0000:0000

