
 Start  Stop   Length Name               Class

 00000H 00E2DH 00E2EH _TEXT              CODE
 00E2EH 04591H 03764H PCA_TEXT           CODE
 04592H 04CD9H 00748H _DATA              DATA
 04CDAH 0557DH 008A4H _BSS               BSS


Detailed map of segments

 0000:0000 0099 C=CODE   S=_TEXT          G=(none)  M=mmodhead.ASM ACBP=48
 0000:009A 05E4 C=CODE   S=_TEXT          G=(none)  M=npcaasm.ASM ACBP=48
 0000:067E 042D C=CODE   S=_TEXT          G=(none)  M=vidlib.asm ACBP=48
 0000:0AAB 0021 C=CODE   S=_TEXT          G=(none)  M=H_LLSH     ACBP=28
 0000:0ACC 0341 C=CODE   S=_TEXT          G=(none)  M=OSLIB      ACBP=48
 0000:0E0D 0021 C=CODE   S=_TEXT          G=(none)  M=H_LURSH    ACBP=28
 00E2:000E 3764 C=CODE   S=PCA_TEXT       G=(none)  M=pca.c      ACBP=28
 0459:0002 0058 C=DATA   S=_DATA          G=DGROUP  M=mmodhead.ASM ACBP=48
 0459:005A 06F0 C=DATA   S=_DATA          G=DGROUP  M=pca.c      ACBP=48
 0459:074A 0000 C=DATA   S=_DATA          G=DGROUP  M=npcaasm.ASM ACBP=48
 0459:074A 0000 C=DATA   S=_DATA          G=DGROUP  M=vidlib.asm ACBP=48
 0459:074A 0000 C=DATA   S=_DATA          G=DGROUP  M=H_LLSH     ACBP=48
 0459:074A 0000 C=DATA   S=_DATA          G=DGROUP  M=OSLIB      ACBP=48
 0459:074A 0000 C=DATA   S=_DATA          G=DGROUP  M=H_LURSH    ACBP=48
 0459:074A 08A4 C=BSS    S=_BSS           G=DGROUP  M=pca.c      ACBP=48

  Address         Publics by Name

 0000:0AAE       F_LXLSH@
 0000:0E10       F_LXURSH@
 0000:0AAE idle  LXLSH@
 0000:0E10 idle  LXURSH@
 0000:0AAB idle  N_LXLSH@
 0000:0E0D idle  N_LXURSH@
 0459:002E       _Allocate
 0000:0B03       _atoi
 0459:07E0       _base
 0459:004A       _change_priority
 0000:0BA7       _close
 0000:0978 idle  _closedisplay
 0000:08C3       _clr_display
 0000:06F2 idle  _Clr_window
 0459:0778 idle  _config
 0000:0606       _connect_int
 0459:003E       _Connect_Int
 0459:077A       _control
 0000:01F0       _copy_mail
 0000:0B6F idle  _create
 00E2:1BEB idle  _Create_node
 0459:0091 idle  _Create_nodename
 0000:0000 idle  _dataseg
 0459:0056 idle  _delay
 0000:004C idle  _destory
 00E2:12D7 idle  _destroynode
 0459:0078 idle  _destroy_next
 0459:0BEE idle  _devices
 0459:001A idle  _device_name
 0000:0643       _disconnect
 0459:0042       _Disconnect_Int
 0000:0A6C idle  _disowndisplay
 0000:07A3 idle  _display
 0000:07DC       _displayln
 0459:005D idle  _display_mail
 0459:005E idle  _display_work
 0459:006F idle  _dma_base
 0459:006B idle  _dma_pages
 0459:07D4 idle  _DMP
 00E2:2D76 idle  _do_diags
 00E2:10C0 idle  _do_fill
 00E2:2737 idle  _do_input
 00E2:197F idle  _do_output
 0459:0090       _do_transfer
 00E2:2D60 idle  _dualpca
 0459:009D idle  _dualpcaname
 0000:09B6 idle  _dupdisplay
 00E2:0026 idle  _Empty_evenbuf
 0459:0081 idle  _error
 0459:0077 idle  _error_latch
 0459:0089 idle  _error_node
 0459:0063 idle  _evenq
 0459:07E6 idle  _evenTCB
 0459:07DC       _eventime
 00E2:16F9 idle  _even_channel
 0459:0006       _Exit
 0459:0012       _Export
 0459:0002 idle  _externals
 0459:008D       _filling
 0459:0770 idle  _fill_name
 0459:0085       _first_work
 0000:0051       _fork
 0459:0032       _Free
 0000:088A       _getattr
 0000:0900 idle  _getdisplay
 0459:0046       _gettime
 0459:002A       _Get_environ
 0000:076B idle  _get_xy
 0459:00A6 idle  _go
 0459:0075 idle  _got_error
 0459:0016       _Import
 00E2:0104 idle  _Initiate_DMA
 0000:0104       _inportb
 0459:077E idle  _input_DMA
 0459:07EA       _input_task
 0459:0036 idle  _Inquire_begin
 0459:0780       _int_queues
 0459:07D0       _int_work
 0459:07D6 idle  _IRQ
 0000:0CBE       _itoa
 0000:067E       _keypressed
 0000:005D idle  _ldiv
 0000:0071 idle  _lmod
 0000:0088 idle  _lmult
 00E2:000E idle  _Locate
 0459:09EE idle  _mail
 00E2:3414       _main
 00E2:00FF idle  _mask_DMA
 0000:0DD5 idle  _memset
 0000:093C       _moddisplay
 0000:0D2C idle  _movmem
 0459:005F idle  _my_device
 0459:004E       _my_tcbptr
 0459:007D idle  _nodes
 0459:0067 idle  _oddq
 0459:07E2 idle  _oddTCB
 0459:07D8       _oddtime
 00E2:1388 idle  _odd_channel
 00E2:00BF idle  _ofs
 0459:005B idle  _opcount
 0000:0B39       _open
 0000:072E       _opendisplay
 0000:00F7       _outportb
 0459:0079 idle  _output
 0459:077C idle  _output_DMA
 0000:00E6       _out_port
 0459:0073 idle  _packet_cnt
 00E2:0070 idle  _page
 0459:0776 idle  _PCA_num
 0000:0047       _perish
 0000:0817       _position
 0459:07D2 idle  _priority
 0459:003A       _process_control
 00E2:0288 idle  _process_ints
 00E2:1CF3 idle  _proc_in_mail
 0459:076E idle  _r1
 0459:076C idle  _r2
 0459:076A idle  _r3
 0459:0768 idle  _r4
 0459:0766 idle  _r5
 0459:0764 idle  _r6
 0459:0762 idle  _r7
 0459:0760 idle  _r8
 0459:075E idle  _r9
 0000:09F2 idle  _rawkeypressed
 0000:0A31 idle  _rawreadch
 0000:0BDE       _read
 0000:06BA       _readch
 0000:00C8       _read_all_mail
 0000:0320       _read_mailbox
 0000:010F       _read_port
 00E2:0B13 idle  _Receive
 0459:000A       _Relinquish
 0459:0002       _Request
 0459:005A idle  _sabotage_next
 00E2:04F2 idle  _Send
 0000:01AE       _send_break
 0000:012E       _send_mail
 0000:0851       _setattr
 0000:0ACC idle  _Shell
 0000:009A idle  _shiftlong
 0000:00B1       _shiftrong
 00E2:03F8 idle  _show_error
 00E2:04A5 idle  _show_warn
 0459:0026 idle  _spawn
 0459:0022 idle  _spawn_batch
 0459:0774 idle  _status
 0000:0D9D idle  _strcat
 0000:0C85       _stricmp
 0000:0CF4 idle  _strlen
 0000:0D64 idle  _strncpy
 0000:0C4B idle  _strnicmp
 0459:0052 idle  _swap_to
 0459:000E idle  _Terminate
 0459:008E idle  _thread
 00E2:1343 idle  _time_stamp
 00E2:11C1 idle  _unlink
 0459:001E idle  _Wake
 0000:0C14 idle  _write
 0000:0335       _write_mail
 0000:011D       _write_port
 00E2:1BCE idle  __Create_node
 00E2:2D43 idle  __dualpca
 0459:074A idle  __int_work
 0459:07EE idle  __mail
 0459:075C idle  __r1
 0459:075A idle  __r2
 0459:0758 idle  __r3
 0459:0756 idle  __r4
 0459:0754 idle  __r5
 0459:0752 idle  __r6
 0459:0750 idle  __r7
 0459:074E idle  __r8
 0459:074C idle  __r9

  Address         Publics by Value

 0000:0000 idle  _dataseg
 0000:0047       _perish
 0000:004C idle  _destory
 0000:0051       _fork
 0000:005D idle  _ldiv
 0000:0071 idle  _lmod
 0000:0088 idle  _lmult
 0000:009A idle  _shiftlong
 0000:00B1       _shiftrong
 0000:00C8       _read_all_mail
 0000:00E6       _out_port
 0000:00F7       _outportb
 0000:0104       _inportb
 0000:010F       _read_port
 0000:011D       _write_port
 0000:012E       _send_mail
 0000:01AE       _send_break
 0000:01F0       _copy_mail
 0000:0320       _read_mailbox
 0000:0335       _write_mail
 0000:0606       _connect_int
 0000:0643       _disconnect
 0000:067E       _keypressed
 0000:06BA       _readch
 0000:06F2 idle  _Clr_window
 0000:072E       _opendisplay
 0000:076B idle  _get_xy
 0000:07A3 idle  _display
 0000:07DC       _displayln
 0000:0817       _position
 0000:0851       _setattr
 0000:088A       _getattr
 0000:08C3       _clr_display
 0000:0900 idle  _getdisplay
 0000:093C       _moddisplay
 0000:0978 idle  _closedisplay
 0000:09B6 idle  _dupdisplay
 0000:09F2 idle  _rawkeypressed
 0000:0A31 idle  _rawreadch
 0000:0A6C idle  _disowndisplay
 0000:0AAB idle  N_LXLSH@
 0000:0AAE       F_LXLSH@
 0000:0AAE idle  LXLSH@
 0000:0ACC idle  _Shell
 0000:0B03       _atoi
 0000:0B39       _open
 0000:0B6F idle  _create
 0000:0BA7       _close
 0000:0BDE       _read
 0000:0C14 idle  _write
 0000:0C4B idle  _strnicmp
 0000:0C85       _stricmp
 0000:0CBE       _itoa
 0000:0CF4 idle  _strlen
 0000:0D2C idle  _movmem
 0000:0D64 idle  _strncpy
 0000:0D9D idle  _strcat
 0000:0DD5 idle  _memset
 0000:0E0D idle  N_LXURSH@
 0000:0E10       F_LXURSH@
 0000:0E10 idle  LXURSH@
 00E2:000E idle  _Locate
 00E2:0026 idle  _Empty_evenbuf
 00E2:0070 idle  _page
 00E2:00BF idle  _ofs
 00E2:00FF idle  _mask_DMA
 00E2:0104 idle  _Initiate_DMA
 00E2:0288 idle  _process_ints
 00E2:03F8 idle  _show_error
 00E2:04A5 idle  _show_warn
 00E2:04F2 idle  _Send
 00E2:0B13 idle  _Receive
 00E2:10C0 idle  _do_fill
 00E2:11C1 idle  _unlink
 00E2:12D7 idle  _destroynode
 00E2:1343 idle  _time_stamp
 00E2:1388 idle  _odd_channel
 00E2:16F9 idle  _even_channel
 00E2:197F idle  _do_output
 00E2:1BCE idle  __Create_node
 00E2:1BEB idle  _Create_node
 00E2:1CF3 idle  _proc_in_mail
 00E2:2737 idle  _do_input
 00E2:2D43 idle  __dualpca
 00E2:2D60 idle  _dualpca
 00E2:2D76 idle  _do_diags
 00E2:3414       _main
 0459:0002 idle  _externals
 0459:0002       _Request
 0459:0006       _Exit
 0459:000A       _Relinquish
 0459:000E idle  _Terminate
 0459:0012       _Export
 0459:0016       _Import
 0459:001A idle  _device_name
 0459:001E idle  _Wake
 0459:0022 idle  _spawn_batch
 0459:0026 idle  _spawn
 0459:002A       _Get_environ
 0459:002E       _Allocate
 0459:0032       _Free
 0459:0036 idle  _Inquire_begin
 0459:003A       _process_control
 0459:003E       _Connect_Int
 0459:0042       _Disconnect_Int
 0459:0046       _gettime
 0459:004A       _change_priority
 0459:004E       _my_tcbptr
 0459:0052 idle  _swap_to
 0459:0056 idle  _delay
 0459:005A idle  _sabotage_next
 0459:005B idle  _opcount
 0459:005D idle  _display_mail
 0459:005E idle  _display_work
 0459:005F idle  _my_device
 0459:0063 idle  _evenq
 0459:0067 idle  _oddq
 0459:006B idle  _dma_pages
 0459:006F idle  _dma_base
 0459:0073 idle  _packet_cnt
 0459:0075 idle  _got_error
 0459:0077 idle  _error_latch
 0459:0078 idle  _destroy_next
 0459:0079 idle  _output
 0459:007D idle  _nodes
 0459:0081 idle  _error
 0459:0085       _first_work
 0459:0089 idle  _error_node
 0459:008D       _filling
 0459:008E idle  _thread
 0459:0090       _do_transfer
 0459:0091 idle  _Create_nodename
 0459:009D idle  _dualpcaname
 0459:00A6 idle  _go
 0459:074A idle  __int_work
 0459:074C idle  __r9
 0459:074E idle  __r8
 0459:0750 idle  __r7
 0459:0752 idle  __r6
 0459:0754 idle  __r5
 0459:0756 idle  __r4
 0459:0758 idle  __r3
 0459:075A idle  __r2
 0459:075C idle  __r1
 0459:075E idle  _r9
 0459:0760 idle  _r8
 0459:0762 idle  _r7
 0459:0764 idle  _r6
 0459:0766 idle  _r5
 0459:0768 idle  _r4
 0459:076A idle  _r3
 0459:076C idle  _r2
 0459:076E idle  _r1
 0459:0770 idle  _fill_name
 0459:0774 idle  _status
 0459:0776 idle  _PCA_num
 0459:0778 idle  _config
 0459:077A       _control
 0459:077C idle  _output_DMA
 0459:077E idle  _input_DMA
 0459:0780       _int_queues
 0459:07D0       _int_work
 0459:07D2 idle  _priority
 0459:07D4 idle  _DMP
 0459:07D6 idle  _IRQ
 0459:07D8       _oddtime
 0459:07DC       _eventime
 0459:07E0       _base
 0459:07E2 idle  _oddTCB
 0459:07E6 idle  _evenTCB
 0459:07EA       _input_task
 0459:07EE idle  __mail
 0459:09EE idle  _mail
 0459:0BEE idle  _devices

Program entry point at 0000:0002
Warning: No stack

